// Jest Snapshot v1, https://goo.gl/fbAQLP

exports[`Questionario com 2 questões, alterando entre questões Renderiza corretamente 1`] = `
<main
  class="q-page"
  id="questionario"
  style="min-height: 768px;"
>
  <hr
    aria-orientation="horizontal"
    class="q-separator q-mb-md q-separator q-separator--horizontal q-separator--dark"
    role="separator"
  />
   
  <div>
    <span
      class="text-white texto-courier"
      style="font-size: 11pt;"
    >
      Segundo o RISAER, o luto é o afastamento total do serviço concedido pelo Comandante, Chefe, Diretor ou Prefeito da OM tão logo tenha conhecimento do óbito,
    </span>
     
    <div
      class="row"
    >
      <span
        class="text-caption text-blue-grey-3"
      >
        
      art. 362
    
      </span>
    </div>
     
    <hr
      aria-orientation="horizontal"
      class="q-separator q-pb-md bg-info q-separator q-separator--horizontal"
      role="separator"
    />
     
    <div
      class="row question-row"
    >
      <div
        class="q-chip row inline no-wrap items-center fit bg-primary text-white q-chip--colored q-chip--selected q-chip--clickable cursor-pointer non-selectable q-hoverable q-chip--square"
        tabindex="0"
      >
        <div
          class="q-focus-helper"
        />
        <i
          aria-hidden="true"
          class="q-chip__icon q-chip__icon--left material-icons q-icon notranslate"
          role="presentation"
        >
          check
        </i>
        <div
          class="q-chip__content col row no-wrap items-center q-anchor--skip"
        >
          <div
            class="q-avatar full-height"
          >
            <div
              class="q-avatar__content row flex-center overflow-hidden"
            >
              <i
                aria-hidden="true"
                class="mdi mdi-alpha-a q-icon notranslate"
                role="presentation"
              >
                 
              </i>
              
        )
      
            </div>
          </div>
           
          <span
            class="texto-courier"
          >
            a avó materna
          </span>
        </div>
      </div>
    </div>
    <div
      class="row question-row"
    >
      <div
        class="q-chip row inline no-wrap items-center fit text-primary q-chip--colored q-chip--outline q-chip--square"
      >
        <div
          class="q-chip__content col row no-wrap items-center q-anchor--skip"
        >
          <div
            class="q-avatar full-height"
          >
            <div
              class="q-avatar__content row flex-center overflow-hidden"
            >
              <i
                aria-hidden="true"
                class="mdi mdi-alpha-b q-icon notranslate"
                role="presentation"
              >
                 
              </i>
              
        )
      
            </div>
          </div>
           
          <span
            class="texto-courier"
          >
            a madastra
          </span>
        </div>
      </div>
    </div>
    <div
      class="row question-row"
    >
      <div
        class="q-chip row inline no-wrap items-center fit text-primary q-chip--colored q-chip--outline q-chip--square"
      >
        <div
          class="q-chip__content col row no-wrap items-center q-anchor--skip"
        >
          <div
            class="q-avatar full-height"
          >
            <div
              class="q-avatar__content row flex-center overflow-hidden"
            >
              <i
                aria-hidden="true"
                class="mdi mdi-alpha-c q-icon notranslate"
                role="presentation"
              >
                 
              </i>
              
        )
      
            </div>
          </div>
           
          <span
            class="texto-courier"
          >
            o primo
          </span>
        </div>
      </div>
    </div>
    <div
      class="row question-row"
    >
      <div
        class="q-chip row inline no-wrap items-center fit text-primary q-chip--colored q-chip--outline q-chip--square"
      >
        <div
          class="q-chip__content col row no-wrap items-center q-anchor--skip"
        >
          <div
            class="q-avatar full-height"
          >
            <div
              class="q-avatar__content row flex-center overflow-hidden"
            >
              <i
                aria-hidden="true"
                class="mdi mdi-alpha-d q-icon notranslate"
                role="presentation"
              >
                 
              </i>
              
        )
      
            </div>
          </div>
           
          <span
            class="texto-courier"
          >
            do genro do militar
          </span>
        </div>
      </div>
    </div>
  </div>
   
  <div
    class="row q-pa-xs q-gutter-sm justify-between text-right"
  >
    <transition-stub
      appear="true"
      duration="[object Object]"
      enteractiveclass="animated fadeIn"
      leaveactiveclass="animated fadeOut"
      mode="out-in"
    >
      <div
        class="col-auto"
      >
        <button
          class="q-btn q-btn-item non-selectable no-outline q-btn--standard q-btn--rectangle bg-positive text-white q-btn--actionable q-focusable q-hoverable q-btn--wrap"
          role="button"
          tabindex="0"
          type="button"
        >
          <span
            class="q-focus-helper"
          />
          <span
            class="q-btn__wrapper col row q-anchor--skip"
          >
            <span
              class="q-btn__content text-center col items-center q-anchor--skip justify-center row"
            >
              
          Analisar
        
            </span>
          </span>
        </button>
      </div>
    </transition-stub>
     
    <div
      class="col"
    >
      <button
        class="q-btn q-btn-item non-selectable no-outline q-btn--standard q-btn--rectangle bg-accent text-white q-btn--actionable q-focusable q-hoverable q-btn--wrap"
        role="button"
        style="display: none;"
        tabindex="0"
        type="button"
      >
        <span
          class="q-focus-helper"
        />
        <span
          class="q-btn__wrapper col row q-anchor--skip"
        >
          <span
            class="q-btn__content text-center col items-center q-anchor--skip justify-center row"
          >
            <i
              aria-hidden="true"
              class="material-icons q-icon notranslate"
              role="presentation"
            >
              arrow_back
            </i>
          </span>
        </span>
      </button>
    </div>
     
    <div
      class="col-auto"
    >
      <button
        class="q-btn q-btn-item non-selectable no-outline q-btn--standard q-btn--rectangle bg-accent text-white q-btn--actionable q-focusable q-hoverable q-btn--wrap"
        role="button"
        tabindex="0"
        type="button"
      >
        <span
          class="q-focus-helper"
        />
        <span
          class="q-btn__wrapper col row q-anchor--skip"
        >
          <span
            class="q-btn__content text-center col items-center q-anchor--skip justify-center row"
          >
            <i
              aria-hidden="true"
              class="material-icons q-icon notranslate"
              role="presentation"
            >
              arrow_forward
            </i>
          </span>
        </span>
      </button>
    </div>
  </div>
</main>
`;
